 Starting new calculation 


 <<<<<<<<<<<<<<<< Beginning of a new iteration 0 out of 100 >>>>>>>>>>>>>>>>>>>

Iter = 0 best fitness = -0.025548

 <<<<<<<<<<<<<<<< Beginning of a new iteration 2 out of 100 >>>>>>>>>>>>>>>>>>>

Iter = 2 best fitness = -0.138831

 <<<<<<<<<<<<<<<< Beginning of a new iteration 4 out of 100 >>>>>>>>>>>>>>>>>>>

Iter = 4 best fitness = -0.138831

 <<<<<<<<<<<<<<<< Beginning of a new iteration 6 out of 100 >>>>>>>>>>>>>>>>>>>

Iter = 6 best fitness = -0.138831

 <<<<<<<<<<<<<<<< Beginning of a new iteration 8 out of 100 >>>>>>>>>>>>>>>>>>>

Iter = 8 best fitness = -0.249407

 <<<<<<<<<<<<<<<< Beginning of a new iteration 10 out of 100 >>>>>>>>>>>>>>>>>>>

Iter = 10 best fitness = -0.249726

 <<<<<<<<<<<<<<<< Beginning of a new iteration 12 out of 100 >>>>>>>>>>>>>>>>>>>

Iter = 12 best fitness = -0.249726

 <<<<<<<<<<<<<<<< Beginning of a new iteration 14 out of 100 >>>>>>>>>>>>>>>>>>>

Iter = 14 best fitness = -0.280725

 <<<<<<<<<<<<<<<< Beginning of a new iteration 16 out of 100 >>>>>>>>>>>>>>>>>>>

Iter = 16 best fitness = -0.280725

 <<<<<<<<<<<<<<<< Beginning of a new iteration 18 out of 100 >>>>>>>>>>>>>>>>>>>

Iter = 18 best fitness = -0.308563

 <<<<<<<<<<<<<<<< Beginning of a new iteration 20 out of 100 >>>>>>>>>>>>>>>>>>>

Iter = 20 best fitness = -0.308563

 <<<<<<<<<<<<<<<< Beginning of a new iteration 22 out of 100 >>>>>>>>>>>>>>>>>>>

Iter = 22 best fitness = -0.308563

 <<<<<<<<<<<<<<<< Beginning of a new iteration 24 out of 100 >>>>>>>>>>>>>>>>>>>

Iter = 24 best fitness = -0.308563

 <<<<<<<<<<<<<<<< Beginning of a new iteration 26 out of 100 >>>>>>>>>>>>>>>>>>>

Iter = 26 best fitness = -0.308563

 <<<<<<<<<<<<<<<< Beginning of a new iteration 28 out of 100 >>>>>>>>>>>>>>>>>>>

Iter = 28 best fitness = -0.308563

 <<<<<<<<<<<<<<<< Beginning of a new iteration 30 out of 100 >>>>>>>>>>>>>>>>>>>

Iter = 30 best fitness = -0.308563

 <<<<<<<<<<<<<<<< Beginning of a new iteration 32 out of 100 >>>>>>>>>>>>>>>>>>>

Iter = 32 best fitness = -0.308563

 <<<<<<<<<<<<<<<< Beginning of a new iteration 34 out of 100 >>>>>>>>>>>>>>>>>>>

Iter = 34 best fitness = -0.308563

 <<<<<<<<<<<<<<<< Beginning of a new iteration 36 out of 100 >>>>>>>>>>>>>>>>>>>

Iter = 36 best fitness = -0.308563

 <<<<<<<<<<<<<<<< Beginning of a new iteration 38 out of 100 >>>>>>>>>>>>>>>>>>>

Iter = 38 best fitness = -0.308563

 <<<<<<<<<<<<<<<< Beginning of a new iteration 40 out of 100 >>>>>>>>>>>>>>>>>>>

Iter = 40 best fitness = -0.318835

 <<<<<<<<<<<<<<<< Beginning of a new iteration 42 out of 100 >>>>>>>>>>>>>>>>>>>

Iter = 42 best fitness = -0.430604

 <<<<<<<<<<<<<<<< Beginning of a new iteration 44 out of 100 >>>>>>>>>>>>>>>>>>>

Iter = 44 best fitness = -0.430604

 <<<<<<<<<<<<<<<< Beginning of a new iteration 46 out of 100 >>>>>>>>>>>>>>>>>>>

Iter = 46 best fitness = -0.430604

 <<<<<<<<<<<<<<<< Beginning of a new iteration 48 out of 100 >>>>>>>>>>>>>>>>>>>

Iter = 48 best fitness = -0.430604

 <<<<<<<<<<<<<<<< Beginning of a new iteration 50 out of 100 >>>>>>>>>>>>>>>>>>>

Iter = 50 best fitness = -0.430604

 <<<<<<<<<<<<<<<< Beginning of a new iteration 52 out of 100 >>>>>>>>>>>>>>>>>>>

Iter = 52 best fitness = -0.430604

 <<<<<<<<<<<<<<<< Beginning of a new iteration 54 out of 100 >>>>>>>>>>>>>>>>>>>

Iter = 54 best fitness = -0.430604

 <<<<<<<<<<<<<<<< Beginning of a new iteration 56 out of 100 >>>>>>>>>>>>>>>>>>>

Iter = 56 best fitness = -0.430604

 <<<<<<<<<<<<<<<< Beginning of a new iteration 58 out of 100 >>>>>>>>>>>>>>>>>>>

Iter = 58 best fitness = -0.430604

 <<<<<<<<<<<<<<<< Beginning of a new iteration 60 out of 100 >>>>>>>>>>>>>>>>>>>

Iter = 60 best fitness = -0.430604

 <<<<<<<<<<<<<<<< Beginning of a new iteration 62 out of 100 >>>>>>>>>>>>>>>>>>>

Iter = 62 best fitness = -0.430604

 <<<<<<<<<<<<<<<< Beginning of a new iteration 64 out of 100 >>>>>>>>>>>>>>>>>>>

Iter = 64 best fitness = -0.430604

 <<<<<<<<<<<<<<<< Beginning of a new iteration 66 out of 100 >>>>>>>>>>>>>>>>>>>

Iter = 66 best fitness = -0.444843

 <<<<<<<<<<<<<<<< Beginning of a new iteration 68 out of 100 >>>>>>>>>>>>>>>>>>>

Iter = 68 best fitness = -0.481497

 <<<<<<<<<<<<<<<< Beginning of a new iteration 70 out of 100 >>>>>>>>>>>>>>>>>>>

Iter = 70 best fitness = -0.481497

 <<<<<<<<<<<<<<<< Beginning of a new iteration 72 out of 100 >>>>>>>>>>>>>>>>>>>

Iter = 72 best fitness = -0.481497

 <<<<<<<<<<<<<<<< Beginning of a new iteration 74 out of 100 >>>>>>>>>>>>>>>>>>>

Iter = 74 best fitness = -0.535103

 <<<<<<<<<<<<<<<< Beginning of a new iteration 76 out of 100 >>>>>>>>>>>>>>>>>>>

Iter = 76 best fitness = -0.535103

 <<<<<<<<<<<<<<<< Beginning of a new iteration 78 out of 100 >>>>>>>>>>>>>>>>>>>

Iter = 78 best fitness = -0.535103

 <<<<<<<<<<<<<<<< Beginning of a new iteration 80 out of 100 >>>>>>>>>>>>>>>>>>>

Iter = 80 best fitness = -0.535103

 <<<<<<<<<<<<<<<< Beginning of a new iteration 82 out of 100 >>>>>>>>>>>>>>>>>>>

Iter = 82 best fitness = -0.579552

 <<<<<<<<<<<<<<<< Beginning of a new iteration 84 out of 100 >>>>>>>>>>>>>>>>>>>

Iter = 84 best fitness = -0.594114

 <<<<<<<<<<<<<<<< Beginning of a new iteration 86 out of 100 >>>>>>>>>>>>>>>>>>>

Iter = 86 best fitness = -0.596151

 <<<<<<<<<<<<<<<< Beginning of a new iteration 88 out of 100 >>>>>>>>>>>>>>>>>>>

Iter = 88 best fitness = -0.596151

 <<<<<<<<<<<<<<<< Beginning of a new iteration 90 out of 100 >>>>>>>>>>>>>>>>>>>

Iter = 90 best fitness = -0.731714

 <<<<<<<<<<<<<<<< Beginning of a new iteration 92 out of 100 >>>>>>>>>>>>>>>>>>>

Iter = 92 best fitness = -0.731714

 <<<<<<<<<<<<<<<< Beginning of a new iteration 94 out of 100 >>>>>>>>>>>>>>>>>>>

Iter = 94 best fitness = -0.731714

 <<<<<<<<<<<<<<<< Beginning of a new iteration 96 out of 100 >>>>>>>>>>>>>>>>>>>

Iter = 96 best fitness = -0.731714

 <<<<<<<<<<<<<<<< Beginning of a new iteration 98 out of 100 >>>>>>>>>>>>>>>>>>>

Iter = 98 best fitness = -0.731714